
joyces@ONS34092 MINGW64 ~
$ pwd
/h/

joyces@ONS34092 MINGW64 ~
$ cd D:

joyces@ONS34092 MINGW64 /d
$ pwd
/d

joyces@ONS34092 MINGW64 /d
$ mkdir command line course

joyces@ONS34092 MINGW64 /d
$ pwd
/d

joyces@ONS34092 MINGW64 /d
$ ls
'$RECYCLE.BIN'/                  command/
 Keepass_Backup_Do_Not_Delete/   course/
 Projects/                       footfall_python/
'System Volume Information'/     line/
 VSCodeSetup-x64-1.70.2.exe*

joyces@ONS34092 MINGW64 /d
$ cd command/

joyces@ONS34092 MINGW64 /d/command
$ cd D:

joyces@ONS34092 MINGW64 /d
$ ls
'$RECYCLE.BIN'/
 Keepass_Backup_Do_Not_Delete/
 Projects/
'System Volume Information'/
 VSCodeSetup-x64-1.70.2.exe*
 command_line_course/
 footfall_python/

joyces@ONS34092 MINGW64 /d
$ cd command_line_course

joyces@ONS34092 MINGW64 /d/command_line_course
$ touch test.doc

joyces@ONS34092 MINGW64 /d/command_line_course
$ touch command.txt intro.r intro.py

joyces@ONS34092 MINGW64 /d/command_line_course
$ ls
command.txt  intro.py  intro.r  test.doc

joyces@ONS34092 MINGW64 /d/command_line_course
$ pwd
/d/command_line_course

joyces@ONS34092 MINGW64 /d/command_line_course
$ mkdir r python

joyces@ONS34092 MINGW64 /d/command_line_course
$ ls
command.txt  intro.py  intro.r  python/  r/  test.doc

joyces@ONS34092 MINGW64 /d/command_line_course
$ mv intro.r r

joyces@ONS34092 MINGW64 /d/command_line_course
$ ls
command.txt  intro.py  python/  r/  test.doc

joyces@ONS34092 MINGW64 /d/command_line_course
$ mv intro.py python

joyces@ONS34092 MINGW64 /d/command_line_course
$ mv test.doc python

joyces@ONS34092 MINGW64 /d/command_line_course
$ mv command.txt r

joyces@ONS34092 MINGW64 /d/command_line_course
$ ls
python/  r/

joyces@ONS34092 MINGW64 /d/command_line_course
$ cd python

joyces@ONS34092 MINGW64 /d/command_line_course/python
$ pwd
/d/command_line_course/python

joyces@ONS34092 MINGW64 /d/command_line_course/python
$ ls
intro.py  test.doc

joyces@ONS34092 MINGW64 /d/command_line_course/python
$ cd r
bash: cd: r: No such file or directory

joyces@ONS34092 MINGW64 /d/command_line_course/python
$ cd d
bash: cd: d: No such file or directory

joyces@ONS34092 MINGW64 /d/command_line_course/python
$ cd D:

joyces@ONS34092 MINGW64 /d
$ ls
'$RECYCLE.BIN'/                  VSCodeSetup-x64-1.70.2.exe*
 Keepass_Backup_Do_Not_Delete/   command_line_course/
 Projects/                       footfall_python/
'System Volume Information'/

joyces@ONS34092 MINGW64 /d
$ cd command_line_course/python

joyces@ONS34092 MINGW64 /d/command_line_course/python
$ pwd
/d/command_line_course/python

joyces@ONS34092 MINGW64 /d/command_line_course/python
$ ls
intro.py  test.doc

joyces@ONS34092 MINGW64 /d/command_line_course/python
$ cd D:\command_line_course\r
bash: cd: D:command_line_courser: No such file or directory

joyces@ONS34092 MINGW64 /d/command_line_course/python
$ cd D:

joyces@ONS34092 MINGW64 /d
$ cd python
bash: cd: python: No such file or directory

joyces@ONS34092 MINGW64 /d
$ cd command_line_course/r

joyces@ONS34092 MINGW64 /d/command_line_course/r
$ pwd
/d/command_line_course/r

joyces@ONS34092 MINGW64 /d/command_line_course/r
$ mv data.py pythons
mv: cannot stat 'data.py': No such file or directory

joyces@ONS34092 MINGW64 /d/command_line_course/r
$ mkdir ^C

joyces@ONS34092 MINGW64 /d/command_line_course/r
$ mv data.py data.txt
mv: cannot stat 'data.py': No such file or directory

joyces@ONS34092 MINGW64 /d/command_line_course/r
$ pwd
/d/command_line_course/r

joyces@ONS34092 MINGW64 /d/command_line_course/r
$ cd ..

joyces@ONS34092 MINGW64 /d/command_line_course
$ pwd
/d/command_line_course

joyces@ONS34092 MINGW64 /d/command_line_course
$ cd ../..

joyces@ONS34092 MINGW64 /
$ pwd
/

joyces@ONS34092 MINGW64 /
$ pwd
/

joyces@ONS34092 MINGW64 /
$ cd D:

joyces@ONS34092 MINGW64 /d
$ pwd
/d

joyces@ONS34092 MINGW64 /d
$ cd command_line_course/python

joyces@ONS34092 MINGW64 /d/command_line_course/python
$ cd command_line_course/r
bash: cd: command_line_course/r: No such file or directory

joyces@ONS34092 MINGW64 /d/command_line_course/python
$ ^C

joyces@ONS34092 MINGW64 /d/command_line_course/python
$ cd D:/command_line_course/r

joyces@ONS34092 MINGW64 /d/command_line_course/r
$ ls
command.txt  intro.r

joyces@ONS34092 MINGW64 /d/command_line_course/r
$ cat command.txt
Hello world
joyces@ONS34092 MINGW64 /d/command_line_course/r
$ mv --help
Usage: mv [OPTION]... [-T] SOURCE DEST
  or:  mv [OPTION]... SOURCE... DIRECTORY
  or:  mv [OPTION]... -t DIRECTORY SOURCE...
Rename SOURCE to DEST, or move SOURCE(s) to DIRECTORY.

Mandatory arguments to long options are mandatory for short options too.
      --backup[=CONTROL]       make a backup of each existing destination file
  -b                           like --backup but does not accept an argument
  -f, --force                  do not prompt before overwriting
  -i, --interactive            prompt before overwrite
  -n, --no-clobber             do not overwrite an existing file
If you specify more than one of -i, -f, -n, only the final one takes effect.
      --strip-trailing-slashes  remove any trailing slashes from each SOURCE
                                 argument
  -S, --suffix=SUFFIX          override the usual backup suffix
  -t, --target-directory=DIRECTORY  move all SOURCE arguments into DIRECTORY
  -T, --no-target-directory    treat DEST as a normal file
  -u, --update                 move only when the SOURCE file is newer
                                 than the destination file or when the
                                 destination file is missing
  -v, --verbose                explain what is being done
  -Z, --context                set SELinux security context of destination
                                 file to default type
      --help     display this help and exit
      --version  output version information and exit

The backup suffix is '~', unless set with --suffix or SIMPLE_BACKUP_SUFFIX.
The version control method may be selected via the --backup option or through
the VERSION_CONTROL environment variable.  Here are the values:

  none, off       never make backups (even if --backup is given)
  numbered, t     make numbered backups
  existing, nil   numbered if numbered backups exist, simple otherwise
  simple, never   always make simple backups

GNU coreutils online help: <https://www.gnu.org/software/coreutils/>
Report any translation bugs to <https://translationproject.org/team/>
Full documentation <https://www.gnu.org/software/coreutils/mv>
or available locally via: info '(coreutils) mv invocation'

joyces@ONS34092 MINGW64 /d/command_line_course/r
$ touch --help
Usage: touch [OPTION]... FILE...
Update the access and modification times of each FILE to the current time.

A FILE argument that does not exist is created empty, unless -c or -h
is supplied.

A FILE argument string of - is handled specially and causes touch to
change the times of the file associated with standard output.

Mandatory arguments to long options are mandatory for short options too.
  -a                     change only the access time
  -c, --no-create        do not create any files
  -d, --date=STRING      parse STRING and use it instead of current time
  -f                     (ignored)
  -h, --no-dereference   affect each symbolic link instead of any referenced
                         file (useful only on systems that can change the
                         timestamps of a symlink)
  -m                     change only the modification time
  -r, --reference=FILE   use this file's times instead of current time
  -t STAMP               use [[CC]YY]MMDDhhmm[.ss] instead of current time
      --time=WORD        change the specified time:
                           WORD is access, atime, or use: equivalent to -a
                           WORD is modify or mtime: equivalent to -m
      --help     display this help and exit
      --version  output version information and exit

Note that the -d and -t options accept different time-date formats.

GNU coreutils online help: <https://www.gnu.org/software/coreutils/>
Report any translation bugs to <https://translationproject.org/team/>
Full documentation <https://www.gnu.org/software/coreutils/touch>
or available locally via: info '(coreutils) touch invocation'

joyces@ONS34092 MINGW64 /d/command_line_course/r
$ ls -la
total 1
drwxr-xr-x 1 joyces 1049089  0 Nov  8 10:07 ./
drwxr-xr-x 1 joyces 1049089  0 Nov  8 10:07 ../
-rw-r--r-- 1 joyces 1049089 11 Nov  8 10:29 command.txt
-rw-r--r-- 1 joyces 1049089  0 Nov  8 09:53 intro.r

joyces@ONS34092 MINGW64 /d/command_line_course/r
$
